To honour the JVM settings for this build a single-use Daemon process will be forked. For more on this, please refer to https://docs.gradle.org/8.13/userguide/gradle_daemon.html#sec:disabling_the_daemon in the Gradle documentation.
Daemon will be stopped at the end of the build 
> Task :app:preBuild UP-TO-DATE
> Task :app:preDebugBuild UP-TO-DATE
> Task :app:mergeDebugNativeDebugMetadata NO-SOURCE
> Task :app:checkKotlinGradlePluginConfigurationErrors SKIPPED
> Task :app:checkDebugAarMetadata
> Task :app:processDebugNavigationResources
> Task :app:compileDebugNavigationResources
> Task :app:generateDebugResValues
> Task :app:mapDebugSourceSetPaths
> Task :app:generateDebugResources
> Task :app:mergeDebugResources
> Task :app:packageDebugResources
> Task :app:parseDebugLocalResources
> Task :app:createDebugCompatibleScreenManifests
> Task :app:extractDeepLinksDebug
> Task :app:processDebugMainManifest
> Task :app:processDebugManifest
> Task :app:processDebugManifestForPackage
> Task :app:processDebugResources
> Task :app:kspDebugKotlin

> Task :app:compileDebugKotlin
e: file:///workspaces/PC-Drone-V3-Plus/app/src/main/java/com/pcdrone/v3plus/MainActivity.kt:1510:13 Conflicting declarations:
local var pdfRows: List<Array<String>>
local val pdfRows: MutableList<Array<String>>
e: file:///workspaces/PC-Drone-V3-Plus/app/src/main/java/com/pcdrone/v3plus/MainActivity.kt:1519:13 Conflicting declarations:
local var pdfRows: List<Array<String>>
local val pdfRows: MutableList<Array<String>>
e: file:///workspaces/PC-Drone-V3-Plus/app/src/main/java/com/pcdrone/v3plus/MainActivity.kt:2572:21 'val' cannot be reassigned.
e: file:///workspaces/PC-Drone-V3-Plus/app/src/main/java/com/pcdrone/v3plus/MainActivity.kt:2572:29 Assignment type mismatch: actual type is 'List<Array<String>>', but 'MutableList<Array<String>>' was expected.
e: file:///workspaces/PC-Drone-V3-Plus/app/src/main/java/com/pcdrone/v3plus/MainActivity.kt:3169:37 'val' cannot be reassigned.
e: file:///workspaces/PC-Drone-V3-Plus/app/src/main/java/com/pcdrone/v3plus/MainActivity.kt:3419:25 Unresolved reference 'thaiDate'.
e: file:///workspaces/PC-Drone-V3-Plus/app/src/main/java/com/pcdrone/v3plus/MainActivity.kt:3470:21 Unresolved reference 'thaiDate'.
e: file:///workspaces/PC-Drone-V3-Plus/app/src/main/java/com/pcdrone/v3plus/MainActivity.kt:3472:25 Unresolved reference 'thaiDate'.
e: file:///workspaces/PC-Drone-V3-Plus/app/src/main/java/com/pcdrone/v3plus/MainActivity.kt:3662:29 Unresolved reference 'money'.
e: file:///workspaces/PC-Drone-V3-Plus/app/src/main/java/com/pcdrone/v3plus/MainActivity.kt:3663:29 Unresolved reference 'money'.
e: file:///workspaces/PC-Drone-V3-Plus/app/src/main/java/com/pcdrone/v3plus/MainActivity.kt:3664:29 Unresolved reference 'money'.

> Task :app:compileDebugKotlin FAILED

FAILURE: Build failed with an exception.

* What went wrong:
Execution failed for task ':app:compileDebugKotlin'.
> A failure occurred while executing org.jetbrains.kotlin.compilerRunner.btapi.BuildToolsApiCompilationWork
   > Compilation error. See log for more details

* Try:
> Run with --stacktrace option to get the stack trace.
> Run with --info or --debug option to get more log output.
> Run with --scan to get full insights.
> Get more help at https://help.gradle.org.

BUILD FAILED in 56s
17 actionable tasks: 17 executed
