To honour the JVM settings for this build a single-use Daemon process will be forked. For more on this, please refer to https://docs.gradle.org/8.13/userguide/gradle_daemon.html#sec:disabling_the_daemon in the Gradle documentation.
Daemon will be stopped at the end of the build 
> Task :app:preBuild UP-TO-DATE
> Task :app:preDebugBuild UP-TO-DATE
> Task :app:mergeDebugNativeDebugMetadata NO-SOURCE
> Task :app:checkKotlinGradlePluginConfigurationErrors SKIPPED
> Task :app:checkDebugAarMetadata UP-TO-DATE
> Task :app:processDebugNavigationResources UP-TO-DATE
> Task :app:compileDebugNavigationResources UP-TO-DATE
> Task :app:generateDebugResValues UP-TO-DATE
> Task :app:mapDebugSourceSetPaths UP-TO-DATE
> Task :app:generateDebugResources UP-TO-DATE
> Task :app:mergeDebugResources UP-TO-DATE
> Task :app:packageDebugResources UP-TO-DATE
> Task :app:parseDebugLocalResources UP-TO-DATE
> Task :app:createDebugCompatibleScreenManifests UP-TO-DATE
> Task :app:extractDeepLinksDebug UP-TO-DATE
> Task :app:processDebugMainManifest UP-TO-DATE
> Task :app:processDebugManifest UP-TO-DATE
> Task :app:processDebugManifestForPackage UP-TO-DATE
> Task :app:processDebugResources UP-TO-DATE
> Task :app:kspDebugKotlin

> Task :app:compileDebugKotlin
e: file:///workspaces/PC-Drone-V3-Plus/app/src/main/java/com/pcdrone/v3plus/MainActivity.kt:1676:39 Unresolved reference 'reportBalanceWithFlight'.
e: file:///workspaces/PC-Drone-V3-Plus/app/src/main/java/com/pcdrone/v3plus/MainActivity.kt:1700:35 Unresolved reference 'reportIncomeWithFlight'.
e: file:///workspaces/PC-Drone-V3-Plus/app/src/main/java/com/pcdrone/v3plus/MainActivity.kt:1716:35 Unresolved reference 'reportBalanceWithFlight'.
e: file:///workspaces/PC-Drone-V3-Plus/app/src/main/java/com/pcdrone/v3plus/MainActivity.kt:1735:25 Unresolved reference 'prefs'.
e: file:///workspaces/PC-Drone-V3-Plus/app/src/main/java/com/pcdrone/v3plus/MainActivity.kt:1737:29 Cannot infer type for type parameter 'T'. Specify it explicitly.
e: file:///workspaces/PC-Drone-V3-Plus/app/src/main/java/com/pcdrone/v3plus/MainActivity.kt:1740:32 Cannot infer type for type parameter 'T'. Specify it explicitly.
e: file:///workspaces/PC-Drone-V3-Plus/app/src/main/java/com/pcdrone/v3plus/MainActivity.kt:1742:51 Cannot infer type for value parameter 'rawJob'. Specify it explicitly.
e: file:///workspaces/PC-Drone-V3-Plus/app/src/main/java/com/pcdrone/v3plus/MainActivity.kt:1776:29 Return type mismatch: expected '??? (Unknown type for value parameter it)', actual 'Unit'.
e: file:///workspaces/PC-Drone-V3-Plus/app/src/main/java/com/pcdrone/v3plus/MainActivity.kt:1885:36 Return type mismatch: expected '??? (Unknown type for value parameter it)', actual 'Unit'.
e: file:///workspaces/PC-Drone-V3-Plus/app/src/main/java/com/pcdrone/v3plus/MainActivity.kt:1891:29 Return type mismatch: expected '??? (Unknown type for value parameter it)', actual 'Unit'.

> Task :app:compileDebugKotlin FAILED

FAILURE: Build failed with an exception.

* What went wrong:
Execution failed for task ':app:compileDebugKotlin'.
> A failure occurred while executing org.jetbrains.kotlin.compilerRunner.btapi.BuildToolsApiCompilationWork
   > Compilation error. See log for more details

* Try:
> Run with --stacktrace option to get the stack trace.
> Run with --info or --debug option to get more log output.
> Run with --scan to get full insights.
> Get more help at https://help.gradle.org.

BUILD FAILED in 44s
17 actionable tasks: 2 executed, 15 up-to-date
