To honour the JVM settings for this build a single-use Daemon process will be forked. For more on this, please refer to https://docs.gradle.org/8.13/userguide/gradle_daemon.html#sec:disabling_the_daemon in the Gradle documentation.
Daemon will be stopped at the end of the build 
The message received from the daemon indicates that the daemon has disappeared.
Build request sent: Build{id=21da00fc-5153-4b0d-8fa5-d3a374e24e23, currentDir=/workspaces/PC-Drone-V3-Plus}
Attempting to read last messages from the daemon log...
Daemon pid: 306695
  log file: /home/codespace/.gradle/daemon/8.13/daemon-306695.out.log
----- Last 20 lines from daemon log file - daemon-306695.out.log -----
2026-09-07T07:21:05.579+0000 [DEBUG] [org.gradle.launcher.daemon.server.DaemonStateCoordinator] Command execution: started DaemonCommandExecution[command = Build{id=21da00fc-5153-4b0d-8fa5-d3a374e24e23, currentDir=/workspaces/PC-Drone-V3-Plus}, connection = DefaultDaemonConnection: socket connection from /127.0.0.1:36849 to /127.0.0.1:60488] after 0.0025499999999999997 minutes of idle
2026-09-07T07:21:05.579+0000 [INFO] [org.gradle.launcher.daemon.server.DaemonRegistryUpdater] Marking the daemon as busy, address: [a5f95747-2e9c-4b1c-b3ee-3e1619f88bff port:36849, addresses:[localhost/127.0.0.1]]
2026-09-07T07:21:05.580+0000 [DEBUG] [org.gradle.launcher.daemon.registry.PersistentDaemonRegistry] Marking busy by address: [a5f95747-2e9c-4b1c-b3ee-3e1619f88bff port:36849, addresses:[localhost/127.0.0.1]]
2026-09-07T07:21:05.580+0000 [DEBUG] [org.gradle.cache.internal.DefaultFileLockManager] Waiting to acquire exclusive lock on daemon addresses registry.
2026-09-07T07:21:05.581+0000 [DEBUG] [org.gradle.cache.internal.DefaultFileLockManager] Lock acquired on daemon addresses registry.
2026-09-07T07:21:05.582+0000 [DEBUG] [org.gradle.cache.internal.DefaultFileLockManager] Releasing lock on daemon addresses registry.
2026-09-07T07:21:05.582+0000 [DEBUG] [org.gradle.launcher.daemon.server.DaemonStateCoordinator] resetting idle timer
2026-09-07T07:21:05.582+0000 [DEBUG] [org.gradle.launcher.daemon.server.DaemonStateCoordinator] daemon is running. Sleeping until state changes.
2026-09-07T07:21:05.583+0000 [INFO] [org.gradle.launcher.daemon.server.exec.StartBuildOrRespondWithBusy] Daemon is about to start building Build{id=21da00fc-5153-4b0d-8fa5-d3a374e24e23, currentDir=/workspaces/PC-Drone-V3-Plus}. Dispatching build started information...
2026-09-07T07:21:05.584+0000 [DEBUG] [org.gradle.launcher.daemon.server.SynchronizedDispatchConnection] thread 21: dispatching org.gradle.launcher.daemon.protocol.BuildStarted@1b5c21ef
2026-09-07T07:21:05.586+0000 [DEBUG] [org.gradle.launcher.daemon.server.exec.EstablishBuildEnvironment] Configuring env variables: [PATH, IRBRC, CODESPACES, CODESPACE_VSCODE_FOLDER, PROMPT_DIRTRIM, VSCODE_PYTHON_AUTOACTIVATE_GUARD, GITHUB_API_URL, COLORTERM, DOCKER_BUILDKIT, SDKMAN_DIR, rvm_version, VSCODE_GIT_ASKPASS_NODE, PWD, TERM_PROGRAM_VERSION, NVS_DIR, SDKMAN_BROKER_API, CONDA_SCRIPT, HUGO_ROOT, NVM_CD_FLAGS, LESSOPEN, RVM_PATH, SDKMAN_CANDIDATES_API, MY_RUBY_HOME, GITHUB_CODESPACE_TOKEN, ContainerVersion, rvm_path, RAILS_DEVELOPMENT_HOSTS, GITHUB_CODESPACES_PORT_FORWARDING_DOMAIN, PYTHON_ROOT, NVM_SYMLINK_CURRENT, GITHUB_USER, SHLVL, DOTNET_RUNNING_IN_CONTAINER, GITHUB_SERVER_URL, JAVA_ROOT, JAVA_HOME, GIT_EDITOR, TERM, FEATURE_SPARK_POST_COMMIT_CREATE_ITERATION, GRADLE_HOME, NVM_INC, GITHUB_REPOSITORY, VSCODE_IPC_HOOK_CLI, _, NUGET_XMLDOC_MODE, RUBY_HOME, NODE_ROOT, ENABLE_DYNAMIC_INSTALL, TERM_PROGRAM, DOTNET_SKIP_FIRST_TIME_EXPERIENCE, PHP_ROOT, RUBY_ROOT, GOROOT, JUPYTERLAB_PATH, GEM_PATH, NVM_BIN, NVS_USE_XZ, DOTNET_USE_POLLING_FILE_WATCHER, VSCODE_GIT_IPC_HANDLE, PIPX_HOME, HUGO_DIR, MAVEN_ROOT, MAVEN_HOME, ORYX_PREFER_USER_INSTALLED_SDKS, GIT_ASKPASS, SHELL, GITHUB_TOKEN, GITHUB_GRAPHQL_URL, DEBIAN_FLAVOR, GOPATH, OLDPWD, GEM_HOME, PHP_PATH, DOTNET_ROOT, RUBY_VERSION, DEBUGINFOD_URLS, LS_COLORS, PIPX_BIN_DIR, ORYX_ENV_TYPE, LESSCLOSE, BROWSER, rvm_bin_path, CLOUDENV_ENVIRONMENT_ID, ORYX_SDK_STORAGE_BASE_URL, rvm_prefix, LANG, VSCODE_GIT_ASKPASS_MAIN, INTERNAL_VSCS_TARGET_URL, CONDA_DIR, VSCODE_GIT_ASKPASS_EXTRA_ARGS, SDKMAN_CANDIDATES_DIR, NVS_HOME, NVS_ROOT, NVM_DIR, NVS_OS, SHELL_LOGGED_IN, PYTHON_PATH, PYTHONIOENCODING, SDKMAN_PLATFORM, USER, ORYX_DIR, HOSTNAME, CODESPACE_NAME, NPM_GLOBAL, HOME, DYNAMIC_INSTALL_ROOT_DIR]
2026-09-07T07:21:05.594+0000 [DEBUG] [org.gradle.launcher.daemon.server.exec.LogToClient] About to start relaying all logs to the client via the connection.
2026-09-07T07:21:05.594+0000 [INFO] [org.gradle.launcher.daemon.server.exec.LogToClient] The client will now receive all logging from the daemon (pid: 306695). The daemon log file: /home/codespace/.gradle/daemon/8.13/daemon-306695.out.log
2026-09-07T07:21:05.596+0000 [DEBUG] [org.gradle.launcher.daemon.server.exec.RequestStopIfSingleUsedDaemon] Requesting daemon stop after processing Build{id=21da00fc-5153-4b0d-8fa5-d3a374e24e23, currentDir=/workspaces/PC-Drone-V3-Plus}
2026-09-07T07:21:05.596+0000 [LIFECYCLE] [org.gradle.launcher.daemon.server.DaemonStateCoordinator] Daemon will be stopped at the end of the build 
2026-09-07T07:21:05.596+0000 [DEBUG] [org.gradle.launcher.daemon.server.DaemonStateCoordinator] Stop as soon as idle requested. The daemon is busy
2026-09-07T07:21:05.597+0000 [DEBUG] [org.gradle.launcher.daemon.server.exec.ExecuteBuild] The daemon has started executing the build.
2026-09-07T07:21:05.598+0000 [DEBUG] [org.gradle.launcher.daemon.server.exec.ExecuteBuild] Executing build with daemon context: DefaultDaemonContext[uid=1371ce6d-eb92-4bf8-8b4e-1967f12b2b9e,javaHome=/usr/lib/jvm/java-17-openjdk-amd64,javaVersion=17,javaVendor=Ubuntu,daemonRegistryDir=/home/codespace/.gradle/daemon,pid=306695,idleTimeout=120000,priority=NORMAL,applyInstrumentationAgent=true,nativeServicesMode=ENABLED,daemonOpts=-XX:MaxMetaspaceSize=256m,-Xmx512m,-Dfile.encoding=UTF-8,-Duser.country,-Duser.language=en,-Duser.variant]
2026-09-07T07:21:05.598+0000 [DEBUG] [org.gradle.launcher.daemon.server.DaemonStateCoordinator] daemon stop has been requested. Sleeping until state changes.
Daemon vm is shutting down... The daemon has exited normally or was terminated in response to a user interrupt.----- End of the daemon log -----


FAILURE: Build failed with an exception.

* What went wrong:
Gradle build daemon disappeared unexpectedly (it may have been killed or may have crashed)

* Try:
> Run with --info or --debug option to get more log output.
> Run with --scan to get full insights.
> Get more help at https://help.gradle.org.

* Exception is:
org.gradle.launcher.daemon.client.DaemonDisappearedException: Gradle build daemon disappeared unexpectedly (it may have been killed or may have crashed)
	at org.gradle.launcher.daemon.client.DaemonClient.handleDaemonDisappearance(DaemonClient.java:283)
	at org.gradle.launcher.daemon.client.DaemonClient.monitorBuild(DaemonClient.java:256)
	at org.gradle.launcher.daemon.client.DaemonClient.executeBuild(DaemonClient.java:209)
	at org.gradle.launcher.daemon.client.SingleUseDaemonClient.execute(SingleUseDaemonClient.java:63)
	at org.gradle.launcher.daemon.client.SingleUseDaemonClient.execute(SingleUseDaemonClient.java:37)
	at org.gradle.launcher.cli.RunBuildAction.run(RunBuildAction.java:56)
	at org.gradle.internal.Actions$RunnableActionAdapter.execute(Actions.java:167)
	at org.gradle.launcher.cli.DefaultCommandLineActionFactory$ParseAndBuildAction.execute(DefaultCommandLineActionFactory.java:370)
	at org.gradle.launcher.cli.DefaultCommandLineActionFactory$ParseAndBuildAction.execute(DefaultCommandLineActionFactory.java:334)
	at org.gradle.launcher.cli.DebugLoggerWarningAction.execute(DebugLoggerWarningAction.java:74)
	at org.gradle.launcher.cli.DebugLoggerWarningAction.execute(DebugLoggerWarningAction.java:30)
	at org.gradle.launcher.cli.WelcomeMessageAction.execute(WelcomeMessageAction.java:97)
	at org.gradle.launcher.cli.WelcomeMessageAction.execute(WelcomeMessageAction.java:40)
	at org.gradle.launcher.cli.NativeServicesInitializingAction.execute(NativeServicesInitializingAction.java:50)
	at org.gradle.launcher.cli.NativeServicesInitializingAction.execute(NativeServicesInitializingAction.java:27)
	at org.gradle.launcher.cli.ExceptionReportingAction.execute(ExceptionReportingAction.java:41)
	at org.gradle.launcher.cli.ExceptionReportingAction.execute(ExceptionReportingAction.java:26)
	at org.gradle.launcher.cli.DefaultCommandLineActionFactory$WithLogging.execute(DefaultCommandLineActionFactory.java:482)
	at org.gradle.launcher.Main.doAction(Main.java:35)
	at org.gradle.launcher.bootstrap.EntryPoint.run(EntryPoint.java:52)
	at java.base/jdk.internal.reflect.NativeMethodAccessorImpl.invoke0(Native Method)
	at java.base/jdk.internal.reflect.NativeMethodAccessorImpl.invoke(NativeMethodAccessorImpl.java:77)
	at java.base/jdk.internal.reflect.DelegatingMethodAccessorImpl.invoke(DelegatingMethodAccessorImpl.java:43)
	at java.base/java.lang.reflect.Method.invoke(Method.java:569)
	at org.gradle.launcher.bootstrap.ProcessBootstrap.runNoExit(ProcessBootstrap.java:72)
	at org.gradle.launcher.bootstrap.ProcessBootstrap.run(ProcessBootstrap.java:39)
	at org.gradle.launcher.GradleMain.main(GradleMain.java:31)
	at java.base/jdk.internal.reflect.NativeMethodAccessorImpl.invoke0(Native Method)
	at java.base/jdk.internal.reflect.NativeMethodAccessorImpl.invoke(NativeMethodAccessorImpl.java:77)
	at java.base/jdk.internal.reflect.DelegatingMethodAccessorImpl.invoke(DelegatingMethodAccessorImpl.java:43)
	at java.base/java.lang.reflect.Method.invoke(Method.java:569)
	at org.gradle.wrapper.GradleWrapperMain.lambda$prepareWrapper$0(SourceFile:26)
	at org.gradle.wrapper.GradleWrapperMain.main(SourceFile:2)

