To honour the JVM settings for this build a single-use Daemon process will be forked. For more on this, please refer to https://docs.gradle.org/8.13/userguide/gradle_daemon.html#sec:disabling_the_daemon in the Gradle documentation.
Daemon will be stopped at the end of the build 
> Task :app:preBuild UP-TO-DATE
> Task :app:preDebugBuild UP-TO-DATE
> Task :app:mergeDebugNativeDebugMetadata NO-SOURCE
> Task :app:checkKotlinGradlePluginConfigurationErrors SKIPPED
> Task :app:checkDebugAarMetadata
> Task :app:processDebugNavigationResources
> Task :app:compileDebugNavigationResources UP-TO-DATE
> Task :app:generateDebugResValues UP-TO-DATE
> Task :app:mapDebugSourceSetPaths
> Task :app:generateDebugResources
> Task :app:createDebugCompatibleScreenManifests UP-TO-DATE
> Task :app:extractDeepLinksDebug UP-TO-DATE
> Task :app:mergeDebugResources
> Task :app:processDebugMainManifest
> Task :app:packageDebugResources
> Task :app:parseDebugLocalResources
> Task :app:processDebugManifest
> Task :app:javaPreCompileDebug UP-TO-DATE
> Task :app:mergeDebugShaders UP-TO-DATE
> Task :app:compileDebugShaders NO-SOURCE
> Task :app:generateDebugAssets UP-TO-DATE
> Task :app:mergeDebugAssets UP-TO-DATE
> Task :app:compressDebugAssets UP-TO-DATE
> Task :app:processDebugManifestForPackage
> Task :app:desugarDebugFileDependencies UP-TO-DATE
> Task :app:checkDebugDuplicateClasses
> Task :app:processDebugResources
The message received from the daemon indicates that the daemon has disappeared.
Build request sent: Build{id=db5a60b0-520d-4be5-b15b-31bf0764869b, currentDir=/workspaces/PC-Drone-V3-Plus}
Attempting to read last messages from the daemon log...
Daemon pid: 88786
  log file: /home/codespace/.gradle/daemon/8.13/daemon-88786.out.log
----- Last 20 lines from daemon log file - daemon-88786.out.log -----
2026-09-07T05:27:37.746+0000 [DEBUG] [org.gradle.launcher.daemon.server.DaemonStateCoordinator] Command execution: started DaemonCommandExecution[command = Build{id=db5a60b0-520d-4be5-b15b-31bf0764869b, currentDir=/workspaces/PC-Drone-V3-Plus}, connection = DefaultDaemonConnection: socket connection from /127.0.0.1:37211 to /127.0.0.1:42968] after 0.0031333333333333335 minutes of idle
2026-09-07T05:27:37.746+0000 [INFO] [org.gradle.launcher.daemon.server.DaemonRegistryUpdater] Marking the daemon as busy, address: [a37c0d03-7d8b-408d-a37f-1cc6306ec1c3 port:37211, addresses:[localhost/127.0.0.1]]
2026-09-07T05:27:37.747+0000 [DEBUG] [org.gradle.launcher.daemon.registry.PersistentDaemonRegistry] Marking busy by address: [a37c0d03-7d8b-408d-a37f-1cc6306ec1c3 port:37211, addresses:[localhost/127.0.0.1]]
2026-09-07T05:27:37.747+0000 [DEBUG] [org.gradle.cache.internal.DefaultFileLockManager] Waiting to acquire exclusive lock on daemon addresses registry.
2026-09-07T05:27:37.752+0000 [DEBUG] [org.gradle.cache.internal.DefaultFileLockManager] Lock acquired on daemon addresses registry.
2026-09-07T05:27:37.753+0000 [DEBUG] [org.gradle.cache.internal.DefaultFileLockManager] Releasing lock on daemon addresses registry.
2026-09-07T05:27:37.754+0000 [DEBUG] [org.gradle.launcher.daemon.server.DaemonStateCoordinator] resetting idle timer
2026-09-07T05:27:37.756+0000 [DEBUG] [org.gradle.launcher.daemon.server.DaemonStateCoordinator] daemon is running. Sleeping until state changes.
2026-09-07T05:27:37.760+0000 [INFO] [org.gradle.launcher.daemon.server.exec.StartBuildOrRespondWithBusy] Daemon is about to start building Build{id=db5a60b0-520d-4be5-b15b-31bf0764869b, currentDir=/workspaces/PC-Drone-V3-Plus}. Dispatching build started information...
2026-09-07T05:27:37.760+0000 [DEBUG] [org.gradle.launcher.daemon.server.SynchronizedDispatchConnection] thread 21: dispatching org.gradle.launcher.daemon.protocol.BuildStarted@74a5ccff
2026-09-07T05:27:37.762+0000 [DEBUG] [org.gradle.launcher.daemon.server.exec.EstablishBuildEnvironment] Configuring env variables: [PATH, IRBRC, CODESPACES, CODESPACE_VSCODE_FOLDER, PROMPT_DIRTRIM, VSCODE_PYTHON_AUTOACTIVATE_GUARD, GITHUB_API_URL, COLORTERM, DOCKER_BUILDKIT, SDKMAN_DIR, rvm_version, VSCODE_GIT_ASKPASS_NODE, PWD, TERM_PROGRAM_VERSION, NVS_DIR, SDKMAN_BROKER_API, CONDA_SCRIPT, HUGO_ROOT, NVM_CD_FLAGS, LESSOPEN, RVM_PATH, SDKMAN_CANDIDATES_API, MY_RUBY_HOME, GITHUB_CODESPACE_TOKEN, ContainerVersion, rvm_path, RAILS_DEVELOPMENT_HOSTS, GITHUB_CODESPACES_PORT_FORWARDING_DOMAIN, PYTHON_ROOT, NVM_SYMLINK_CURRENT, GITHUB_USER, SHLVL, DOTNET_RUNNING_IN_CONTAINER, GITHUB_SERVER_URL, JAVA_ROOT, JAVA_HOME, GIT_EDITOR, TERM, FEATURE_SPARK_POST_COMMIT_CREATE_ITERATION, GRADLE_HOME, NVM_INC, GITHUB_REPOSITORY, VSCODE_IPC_HOOK_CLI, _, NUGET_XMLDOC_MODE, RUBY_HOME, NODE_ROOT, ENABLE_DYNAMIC_INSTALL, TERM_PROGRAM, DOTNET_SKIP_FIRST_TIME_EXPERIENCE, PHP_ROOT, RUBY_ROOT, GOROOT, JUPYTERLAB_PATH, GEM_PATH, NVM_BIN, NVS_USE_XZ, DOTNET_USE_POLLING_FILE_WATCHER, VSCODE_GIT_IPC_HANDLE, PIPX_HOME, HUGO_DIR, MAVEN_ROOT, MAVEN_HOME, ORYX_PREFER_USER_INSTALLED_SDKS, GIT_ASKPASS, SHELL, GITHUB_TOKEN, GITHUB_GRAPHQL_URL, DEBIAN_FLAVOR, GOPATH, OLDPWD, GEM_HOME, PHP_PATH, DOTNET_ROOT, RUBY_VERSION, DEBUGINFOD_URLS, LS_COLORS, PIPX_BIN_DIR, ORYX_ENV_TYPE, LESSCLOSE, BROWSER, rvm_bin_path, CLOUDENV_ENVIRONMENT_ID, ORYX_SDK_STORAGE_BASE_URL, rvm_prefix, LANG, VSCODE_GIT_ASKPASS_MAIN, INTERNAL_VSCS_TARGET_URL, CONDA_DIR, VSCODE_GIT_ASKPASS_EXTRA_ARGS, SDKMAN_CANDIDATES_DIR, NVS_HOME, NVS_ROOT, NVM_DIR, NVS_OS, SHELL_LOGGED_IN, PYTHON_PATH, PYTHONIOENCODING, SDKMAN_PLATFORM, USER, ORYX_DIR, HOSTNAME, CODESPACE_NAME, NPM_GLOBAL, HOME, DYNAMIC_INSTALL_ROOT_DIR]
2026-09-07T05:27:37.774+0000 [DEBUG] [org.gradle.launcher.daemon.server.exec.LogToClient] About to start relaying all logs to the client via the connection.
2026-09-07T05:27:37.776+0000 [INFO] [org.gradle.launcher.daemon.server.exec.LogToClient] The client will now receive all logging from the daemon (pid: 88786). The daemon log file: /home/codespace/.gradle/daemon/8.13/daemon-88786.out.log
2026-09-07T05:27:37.780+0000 [DEBUG] [org.gradle.launcher.daemon.server.exec.RequestStopIfSingleUsedDaemon] Requesting daemon stop after processing Build{id=db5a60b0-520d-4be5-b15b-31bf0764869b, currentDir=/workspaces/PC-Drone-V3-Plus}
2026-09-07T05:27:37.781+0000 [LIFECYCLE] [org.gradle.launcher.daemon.server.DaemonStateCoordinator] Daemon will be stopped at the end of the build 
2026-09-07T05:27:37.781+0000 [DEBUG] [org.gradle.launcher.daemon.server.DaemonStateCoordinator] Stop as soon as idle requested. The daemon is busy
2026-09-07T05:27:37.781+0000 [DEBUG] [org.gradle.launcher.daemon.server.DaemonStateCoordinator] daemon stop has been requested. Sleeping until state changes.
2026-09-07T05:27:37.782+0000 [DEBUG] [org.gradle.launcher.daemon.server.exec.ExecuteBuild] The daemon has started executing the build.
2026-09-07T05:27:37.783+0000 [DEBUG] [org.gradle.launcher.daemon.server.exec.ExecuteBuild] Executing build with daemon context: DefaultDaemonContext[uid=9c340f73-2c20-4ba1-8bd2-64175ba37676,javaHome=/usr/lib/jvm/java-17-openjdk-amd64,javaVersion=17,javaVendor=Ubuntu,daemonRegistryDir=/home/codespace/.gradle/daemon,pid=88786,idleTimeout=120000,priority=NORMAL,applyInstrumentationAgent=true,nativeServicesMode=ENABLED,daemonOpts=-Xmx2048m,-Dfile.encoding=UTF-8,-Duser.country,-Duser.language=en,-Duser.variant]
Daemon vm is shutting down... The daemon has exited normally or was terminated in response to a user interrupt.----- End of the daemon log -----


FAILURE: Build failed with an exception.

* What went wrong:
Gradle build daemon disappeared unexpectedly (it may have been killed or may have crashed)

* Try:
> Run with --stacktrace option to get the stack trace.
> Run with --info or --debug option to get more log output.
> Run with --scan to get full insights.
> Get more help at https://help.gradle.org.
> Task :app:mergeExtDexDebug
