To honour the JVM settings for this build a single-use Daemon process will be forked. For more on this, please refer to https://docs.gradle.org/8.13/userguide/gradle_daemon.html#sec:disabling_the_daemon in the Gradle documentation.
Daemon will be stopped at the end of the build 
The message received from the daemon indicates that the daemon has disappeared.
Build request sent: Build{id=5ed642d6-dfd1-437d-bfd9-74316bae48f0, currentDir=/workspaces/PC-Drone-V3-Plus}
Attempting to read last messages from the daemon log...
Daemon pid: 287200
  log file: /home/codespace/.gradle/daemon/8.13/daemon-287200.out.log
----- Last 20 lines from daemon log file - daemon-287200.out.log -----
2026-09-07T07:12:21.322+0000 [DEBUG] [org.gradle.launcher.daemon.server.DaemonStateCoordinator] Command execution: started DaemonCommandExecution[command = Build{id=5ed642d6-dfd1-437d-bfd9-74316bae48f0, currentDir=/workspaces/PC-Drone-V3-Plus}, connection = DefaultDaemonConnection: socket connection from /127.0.0.1:38571 to /127.0.0.1:57708] after 0.0028833333333333332 minutes of idle
2026-09-07T07:12:21.322+0000 [INFO] [org.gradle.launcher.daemon.server.DaemonRegistryUpdater] Marking the daemon as busy, address: [4fc92b02-4288-4e57-8d4a-661e07fe44d2 port:38571, addresses:[localhost/127.0.0.1]]
2026-09-07T07:12:21.323+0000 [DEBUG] [org.gradle.launcher.daemon.registry.PersistentDaemonRegistry] Marking busy by address: [4fc92b02-4288-4e57-8d4a-661e07fe44d2 port:38571, addresses:[localhost/127.0.0.1]]
2026-09-07T07:12:21.323+0000 [DEBUG] [org.gradle.cache.internal.DefaultFileLockManager] Waiting to acquire exclusive lock on daemon addresses registry.
2026-09-07T07:12:21.326+0000 [DEBUG] [org.gradle.cache.internal.DefaultFileLockManager] Lock acquired on daemon addresses registry.
2026-09-07T07:12:21.329+0000 [DEBUG] [org.gradle.cache.internal.DefaultFileLockManager] Releasing lock on daemon addresses registry.
2026-09-07T07:12:21.329+0000 [DEBUG] [org.gradle.launcher.daemon.server.DaemonStateCoordinator] resetting idle timer
2026-09-07T07:12:21.331+0000 [INFO] [org.gradle.launcher.daemon.server.exec.StartBuildOrRespondWithBusy] Daemon is about to start building Build{id=5ed642d6-dfd1-437d-bfd9-74316bae48f0, currentDir=/workspaces/PC-Drone-V3-Plus}. Dispatching build started information...
2026-09-07T07:12:21.331+0000 [DEBUG] [org.gradle.launcher.daemon.server.SynchronizedDispatchConnection] thread 21: dispatching org.gradle.launcher.daemon.protocol.BuildStarted@74a5ccff
2026-09-07T07:12:21.335+0000 [DEBUG] [org.gradle.launcher.daemon.server.DaemonStateCoordinator] daemon is running. Sleeping until state changes.
2026-09-07T07:12:21.337+0000 [DEBUG] [org.gradle.launcher.daemon.server.exec.EstablishBuildEnvironment] Configuring env variables: [PATH, IRBRC, CODESPACES, CODESPACE_VSCODE_FOLDER, PROMPT_DIRTRIM, VSCODE_PYTHON_AUTOACTIVATE_GUARD, GITHUB_API_URL, COLORTERM, DOCKER_BUILDKIT, SDKMAN_DIR, rvm_version, VSCODE_GIT_ASKPASS_NODE, PWD, TERM_PROGRAM_VERSION, NVS_DIR, SDKMAN_BROKER_API, CONDA_SCRIPT, HUGO_ROOT, NVM_CD_FLAGS, LESSOPEN, RVM_PATH, SDKMAN_CANDIDATES_API, MY_RUBY_HOME, GITHUB_CODESPACE_TOKEN, ContainerVersion, rvm_path, RAILS_DEVELOPMENT_HOSTS, GITHUB_CODESPACES_PORT_FORWARDING_DOMAIN, PYTHON_ROOT, NVM_SYMLINK_CURRENT, GITHUB_USER, SHLVL, DOTNET_RUNNING_IN_CONTAINER, GITHUB_SERVER_URL, JAVA_ROOT, JAVA_HOME, GIT_EDITOR, TERM, FEATURE_SPARK_POST_COMMIT_CREATE_ITERATION, GRADLE_HOME, NVM_INC, GITHUB_REPOSITORY, VSCODE_IPC_HOOK_CLI, _, NUGET_XMLDOC_MODE, RUBY_HOME, NODE_ROOT, ENABLE_DYNAMIC_INSTALL, TERM_PROGRAM, DOTNET_SKIP_FIRST_TIME_EXPERIENCE, PHP_ROOT, RUBY_ROOT, GOROOT, JUPYTERLAB_PATH, GEM_PATH, NVM_BIN, NVS_USE_XZ, DOTNET_USE_POLLING_FILE_WATCHER, VSCODE_GIT_IPC_HANDLE, PIPX_HOME, HUGO_DIR, MAVEN_ROOT, MAVEN_HOME, ORYX_PREFER_USER_INSTALLED_SDKS, GIT_ASKPASS, SHELL, GITHUB_TOKEN, GITHUB_GRAPHQL_URL, DEBIAN_FLAVOR, GOPATH, OLDPWD, GEM_HOME, PHP_PATH, DOTNET_ROOT, RUBY_VERSION, DEBUGINFOD_URLS, LS_COLORS, PIPX_BIN_DIR, ORYX_ENV_TYPE, LESSCLOSE, BROWSER, rvm_bin_path, CLOUDENV_ENVIRONMENT_ID, ORYX_SDK_STORAGE_BASE_URL, rvm_prefix, LANG, VSCODE_GIT_ASKPASS_MAIN, INTERNAL_VSCS_TARGET_URL, CONDA_DIR, VSCODE_GIT_ASKPASS_EXTRA_ARGS, SDKMAN_CANDIDATES_DIR, NVS_HOME, NVS_ROOT, NVM_DIR, NVS_OS, SHELL_LOGGED_IN, PYTHON_PATH, PYTHONIOENCODING, SDKMAN_PLATFORM, USER, ORYX_DIR, HOSTNAME, CODESPACE_NAME, NPM_GLOBAL, HOME, DYNAMIC_INSTALL_ROOT_DIR]
2026-09-07T07:12:21.349+0000 [DEBUG] [org.gradle.launcher.daemon.server.exec.LogToClient] About to start relaying all logs to the client via the connection.
2026-09-07T07:12:21.349+0000 [INFO] [org.gradle.launcher.daemon.server.exec.LogToClient] The client will now receive all logging from the daemon (pid: 287200). The daemon log file: /home/codespace/.gradle/daemon/8.13/daemon-287200.out.log
2026-09-07T07:12:21.352+0000 [DEBUG] [org.gradle.launcher.daemon.server.exec.RequestStopIfSingleUsedDaemon] Requesting daemon stop after processing Build{id=5ed642d6-dfd1-437d-bfd9-74316bae48f0, currentDir=/workspaces/PC-Drone-V3-Plus}
2026-09-07T07:12:21.352+0000 [LIFECYCLE] [org.gradle.launcher.daemon.server.DaemonStateCoordinator] Daemon will be stopped at the end of the build 
2026-09-07T07:12:21.352+0000 [DEBUG] [org.gradle.launcher.daemon.server.DaemonStateCoordinator] Stop as soon as idle requested. The daemon is busy
2026-09-07T07:12:21.353+0000 [DEBUG] [org.gradle.launcher.daemon.server.exec.ExecuteBuild] The daemon has started executing the build.
2026-09-07T07:12:21.354+0000 [DEBUG] [org.gradle.launcher.daemon.server.DaemonStateCoordinator] daemon stop has been requested. Sleeping until state changes.
2026-09-07T07:12:21.354+0000 [DEBUG] [org.gradle.launcher.daemon.server.exec.ExecuteBuild] Executing build with daemon context: DefaultDaemonContext[uid=aeffcb3b-3276-4856-8e94-fb406b4d2051,javaHome=/usr/lib/jvm/java-17-openjdk-amd64,javaVersion=17,javaVendor=Ubuntu,daemonRegistryDir=/home/codespace/.gradle/daemon,pid=287200,idleTimeout=120000,priority=NORMAL,applyInstrumentationAgent=true,nativeServicesMode=ENABLED,daemonOpts=-XX:MaxMetaspaceSize=256m,-Xmx640m,-Dfile.encoding=UTF-8,-Duser.country,-Duser.language=en,-Duser.variant]
Daemon vm is shutting down... The daemon has exited normally or was terminated in response to a user interrupt.----- End of the daemon log -----


FAILURE: Build failed with an exception.

* What went wrong:
Gradle build daemon disappeared unexpectedly (it may have been killed or may have crashed)

* Try:
> Run with --stacktrace option to get the stack trace.
> Run with --info or --debug option to get more log output.
> Run with --scan to get full insights.
> Get more help at https://help.gradle.org.
