To honour the JVM settings for this build a single-use Daemon process will be forked. For more on this, please refer to https://docs.gradle.org/8.13/userguide/gradle_daemon.html#sec:disabling_the_daemon in the Gradle documentation.
Daemon will be stopped at the end of the build 
> Task :app:preBuild UP-TO-DATE
> Task :app:preDebugBuild UP-TO-DATE
> Task :app:mergeDebugNativeDebugMetadata NO-SOURCE
> Task :app:checkKotlinGradlePluginConfigurationErrors SKIPPED
> Task :app:checkDebugAarMetadata
> Task :app:processDebugNavigationResources
> Task :app:compileDebugNavigationResources
> Task :app:generateDebugResValues
> Task :app:mapDebugSourceSetPaths
> Task :app:generateDebugResources
> Task :app:mergeDebugResources
> Task :app:packageDebugResources
> Task :app:parseDebugLocalResources
> Task :app:createDebugCompatibleScreenManifests
> Task :app:extractDeepLinksDebug
> Task :app:processDebugMainManifest
> Task :app:processDebugManifest
> Task :app:processDebugManifestForPackage
> Task :app:processDebugResources
> Task :app:kspDebugKotlin
The Daemon will expire after the build after running out of JVM Metaspace.
The project memory settings are likely not configured or are configured to an insufficient value.
The daemon will restart for the next build, which may increase subsequent build times.
These settings can be adjusted by setting 'org.gradle.jvmargs' in 'gradle.properties'.
The currently configured max heap space is '768 MiB' and the configured max metaspace is '256 MiB'.
For more information on how to set these values, please refer to https://docs.gradle.org/8.13/userguide/build_environment.html#sec:configuring_jvm_memory in the Gradle documentation.
To disable this warning, set 'org.gradle.daemon.performance.disable-logging=true'.

> Task :app:compileDebugKotlin
w: file:///workspaces/PC-Drone-V3-Plus/app/src/main/java/com/pcdrone/v3plus/MainActivity.kt:201:16 'var statusBarColor: Int' is deprecated. Deprecated in Java.
w: file:///workspaces/PC-Drone-V3-Plus/app/src/main/java/com/pcdrone/v3plus/MainActivity.kt:208:30 'var systemUiVisibility: Int' is deprecated. Deprecated in Java.
w: file:///workspaces/PC-Drone-V3-Plus/app/src/main/java/com/pcdrone/v3plus/MainActivity.kt:209:34 'var systemUiVisibility: Int' is deprecated. Deprecated in Java.
w: file:///workspaces/PC-Drone-V3-Plus/app/src/main/java/com/pcdrone/v3plus/MainActivity.kt:210:35 'static field SYSTEM_UI_FLAG_LIGHT_STATUS_BAR: Int' is deprecated. Deprecated in Java.
w: file:///workspaces/PC-Drone-V3-Plus/app/src/main/java/com/pcdrone/v3plus/MainActivity.kt:277:37 'val systemWindowInsetTop: Int' is deprecated. Deprecated in Java.

> Task :app:javaPreCompileDebug
> Task :app:compileDebugJavaWithJavac NO-SOURCE
> Task :app:mergeDebugShaders
> Task :app:compileDebugShaders NO-SOURCE
> Task :app:generateDebugAssets UP-TO-DATE
> Task :app:mergeDebugAssets
> Task :app:compressDebugAssets
> Task :app:desugarDebugFileDependencies
> Task :app:dexBuilderDebug FAILED
